                                                               SHAPE REPORT
                                                           RUN DATE: 18/04/24
                      SHAPE              SIDE 1       SIDE 2          AREA          PERIMETER             PRICE     PRICE/SQ FT
                    RECTANGLE             2            7               14               18                151.20         0.09
                    RECTANGLE            32           33            1,056              130             10,296.00         0.10
                    RECTANGLE           102          532           54,264            1,268            162,792.00         0.33
                    RECTANGLE            10           10              100               40                725.00         0.13
                    RECTANGLE           200          401           80,200            1,202             60,150.00         1.33
                    RECTANGLE             2            7               14               18                151.20         0.09
                    RECTANGLE            32           33            1,056              130             10,296.00         0.10
                    RECTANGLE           102          532           54,264            1,268            162,792.00         0.33
                    RECTANGLE            10           10              100               40                725.00         0.13
                    RECTANGLE           200          401           80,200            1,202             60,150.00         1.33
                    RECTANGLE             2            7               14               18                151.20         0.09
                    RECTANGLE            32           33            1,056              130             10,296.00         0.10
                    RECTANGLE           102          532           54,264            1,268            162,792.00         0.33
                    RECTANGLE            10           10              100               40                725.00         0.13
                    RECTANGLE           200          401           80,200            1,202             60,150.00         1.33
                    RECTANGLE             2            7               14               18                151.20         0.09
                    RECTANGLE            32           33            1,056              130             10,296.00         0.10
                    RECTANGLE           102          532           54,264            1,268            162,792.00         0.33
                    RECTANGLE            10           10              100               40                725.00         0.13
                    RECTANGLE           200          401           80,200            1,202             60,150.00         1.33
                    RECTANGLE             2            7               14               18                151.20         0.09
                    RECTANGLE            32           33            1,056              130             10,296.00         0.10
                    RECTANGLE             2            7               14               18                151.20         0.09
                    RECTANGLE            32           33            1,056              130             10,296.00         0.10
                    RECTANGLE           102          532           54,264            1,268            162,792.00         0.33
                    RECTANGLE            10           10              100               40                725.00         0.13
                    RECTANGLE           200          401           80,200            1,202             60,150.00         1.33
                    RECTANGLE           102          532           54,264            1,268            162,792.00         0.33
                    RECTANGLE            10           10              100               40                725.00         0.13
                    RECTANGLE           200          401           80,200            1,202             60,150.00         1.33
                    RECTANGLE             2            7               14               18                151.20         0.09
                    RECTANGLE            32           33            1,056              130             10,296.00         0.10
                    RECTANGLE           102          532           54,264            1,268            162,792.00         0.33
                    RECTANGLE            10           10              100               40                725.00         0.13
                    RECTANGLE           200          401           80,200            1,202             60,150.00         1.33
                    RECTANGLE             2            7               14               18                151.20         0.09
                    RECTANGLE            32           33            1,056              130             10,296.00         0.10
                    RECTANGLE           102          532           54,264            1,268            162,792.00         0.33
                    RECTANGLE            10           10              100               40                725.00         0.13
                    RECTANGLE           200          401           80,200            1,202             60,150.00         1.33
                    RECTANGLE             2            7               14               18                151.20         0.09
                    RECTANGLE            32           33            1,056              130             10,296.00         0.10
                    RECTANGLE           102          532           54,264            1,268            162,792.00         0.33
                    RECTANGLE            10           10              100               40                725.00         0.13
                    RECTANGLE           200          401           80,200            1,202             60,150.00         1.33
                    RECTANGLE             2            7               14               18                151.20         0.09
                    RECTANGLE            32           33            1,056              130             10,296.00         0.10
                    RECTANGLE           102          532           54,264            1,268            162,792.00         0.33
                    RECTANGLE            10           10              100               40                725.00         0.13
                    RECTANGLE           200          401           80,200            1,202             60,150.00         1.33
                    RECTANGLE             2            7               14               18                151.20         0.09
                    RECTANGLE            32           33            1,056              130             10,296.00         0.10
                    RECTANGLE           102          532           54,264            1,268            162,792.00         0.33
                    RECTANGLE            10           10              100               40                725.00         0.13
                    RECTANGLE           200          401           80,200            1,202             60,150.00         1.33
                    RECTANGLE             2            7               14               18                151.20         0.09
                    RECTANGLE            32           33            1,056              130             10,296.00         0.10
                    RECTANGLE           102          532           54,264            1,268            162,792.00         0.33
                    RECTANGLE            10           10              100               40                725.00         0.13
                    RECTANGLE           200          401           80,200            1,202             60,150.00         1.33
                    RECTANGLE             2            7               14               18                151.20         0.09
                    RECTANGLE            32           33            1,056              130             10,296.00         0.10
                    RECTANGLE           102          532           54,264            1,268            162,792.00         0.33
                    RECTANGLE            10           10              100               40                725.00         0.13
                    RECTANGLE           200          401           80,200            1,202             60,150.00         1.33
                    RECTANGLE             2            7               14               18                151.20         0.09
                    RECTANGLE            32           33            1,056              130             10,296.00         0.10
                    RECTANGLE             2            7               14               18                151.20         0.09
                    RECTANGLE            32           33            1,056              130             10,296.00         0.10
                    RECTANGLE           102          532           54,264            1,268            162,792.00         0.33
                    RECTANGLE            10           10              100               40                725.00         0.13
                    RECTANGLE           200          401           80,200            1,202             60,150.00         1.33
                    RECTANGLE           102          532           54,264            1,268            162,792.00         0.33
                    RECTANGLE            10           10              100               40                725.00         0.13
                    RECTANGLE           200          401           80,200            1,202             60,150.00         1.33
                    RECTANGLE             2            7               14               18                151.20         0.09
                    RECTANGLE            32           33            1,056              130             10,296.00         0.10
                    RECTANGLE           102          532           54,264            1,268            162,792.00         0.33
                    RECTANGLE            10           10              100               40                725.00         0.13
                    RECTANGLE           200          401           80,200            1,202             60,150.00         1.33
                    RECTANGLE             2            7               14               18                151.20         0.09
                    RECTANGLE            32           33            1,056              130             10,296.00         0.10
                    RECTANGLE           102          532           54,264            1,268            162,792.00         0.33
                    RECTANGLE            10           10              100               40                725.00         0.13
                    RECTANGLE           200          401           80,200            1,202             60,150.00         1.33
                    RECTANGLE             2            7               14               18                151.20         0.09
                    RECTANGLE            32           33            1,056              130             10,296.00         0.10
                    RECTANGLE           102          532           54,264            1,268            162,792.00         0.33
                    RECTANGLE            10           10              100               40                725.00         0.13
                    RECTANGLE           200          401           80,200            1,202             60,150.00         1.33
                    RECTANGLE             2            7               14               18                151.20         0.09
                    RECTANGLE            32           33            1,056              130             10,296.00         0.10
                    RECTANGLE           102          532           54,264            1,268            162,792.00         0.33
                    RECTANGLE            10           10              100               40                725.00         0.13
                    RECTANGLE           200          401           80,200            1,202             60,150.00         1.33
                    RECTANGLE             2            7               14               18                151.20         0.09
                    RECTANGLE            32           33            1,056              130             10,296.00         0.10
                    RECTANGLE           102          532           54,264            1,268            162,792.00         0.33
                    RECTANGLE            10           10              100               40                725.00         0.13
                    RECTANGLE           200          401           80,200            1,202             60,150.00         1.33
                    RECTANGLE             2            7               14               18                151.20         0.09
                    RECTANGLE            32           33            1,056              130             10,296.00         0.10
                    RECTANGLE           102          532           54,264            1,268            162,792.00         0.33
                    RECTANGLE            10           10              100               40                725.00         0.13
                    RECTANGLE           200          401           80,200            1,202             60,150.00         1.33
                    RECTANGLE             2            7               14               18                151.20         0.09
                    RECTANGLE            32           33            1,056              130             10,296.00         0.10
                    RECTANGLE           102          532           54,264            1,268            162,792.00         0.33
                    RECTANGLE            10           10              100               40                725.00         0.13
                    RECTANGLE           200          401           80,200            1,202             60,150.00         1.33
                    RECTANGLE             2            7               14               18                151.20         0.09
                    RECTANGLE            32           33            1,056              130             10,296.00         0.10
                    RECTANGLE             2            7               14               18                151.20         0.09
                    RECTANGLE            32           33            1,056              130             10,296.00         0.10
                    RECTANGLE           102          532           54,264            1,268            162,792.00         0.33
                    RECTANGLE            10           10              100               40                725.00         0.13
                    RECTANGLE           200          401           80,200            1,202             60,150.00         1.33
                    RECTANGLE           102          532           54,264            1,268            162,792.00         0.33
                    RECTANGLE            10           10              100               40                725.00         0.13
                    RECTANGLE           200          401           80,200            1,202             60,150.00         1.33
                    RECTANGLE             2            7               14               18                151.20         0.09
                    RECTANGLE            32           33            1,056              130             10,296.00         0.10
                    RECTANGLE           102          532           54,264            1,268            162,792.00         0.33
                    RECTANGLE            10           10              100               40                725.00         0.13
                    RECTANGLE           200          401           80,200            1,202             60,150.00         1.33
                    RECTANGLE             2            7               14               18                151.20         0.09
                    RECTANGLE            32           33            1,056              130             10,296.00         0.10
                    RECTANGLE           102          532           54,264            1,268            162,792.00         0.33
                    RECTANGLE            10           10              100               40                725.00         0.13
                    RECTANGLE           200          401           80,200            1,202             60,150.00         1.33
                    RECTANGLE             2            7               14               18                151.20         0.09
                    RECTANGLE            32           33            1,056              130             10,296.00         0.10
                    RECTANGLE           102          532           54,264            1,268            162,792.00         0.33
                    RECTANGLE            10           10              100               40                725.00         0.13
                    RECTANGLE           200          401           80,200            1,202             60,150.00         1.33
                    ---------------------------------------------------------------------------------------------------------
                    FILE TOTALS                      135          662,118           71,766         $6,321,083.40       $53.46
